// Jest Snapshot v1, https://goo.gl/fbAQLP

exports[`matches snapshot 1`] = `
<div
  className="sc-bdnxRM eBFDtt"
  data-testid="button"
>
  <img
    alt="cart"
    className="sc-hKFxyN iQUEMx"
    src="https://res.cloudinary.com/devsprime/image/upload/v1624373777/Icons%20and%20Logo/cart_naqql0.png"
  />
  <div
    className="sc-gtsrHT hYZwfB"
  >
    <p
      className="sc-dlnjwi ieBAV"
    >
      7
    </p>
  </div>
</div>
`;
